Last login: Thu Jan  3 21:01:43 on ttys000
ACA8017A:~ WangYang$ git
usage: git [--version] [--help] [-C <path>] [-c <name>=<value>]
           [--exec-path[=<path>]] [--html-path] [--man-path] [--info-path]
           [-p | --paginate | --no-pager] [--no-replace-objects] [--bare]
           [--git-dir=<path>] [--work-tree=<path>] [--namespace=<name>]
           <command> [<args>]

These are common Git commands used in various situations:

start a working area (see also: git help tutorial)
   clone      Clone a repository into a new directory
   init       Create an empty Git repository or reinitialize an existing one

work on the current change (see also: git help everyday)
   add        Add file contents to the index
   mv         Move or rename a file, a directory, or a symlink
   reset      Reset current HEAD to the specified state
   rm         Remove files from the working tree and from the index

examine the history and state (see also: git help revisions)
   bisect     Use binary search to find the commit that introduced a bug
   grep       Print lines matching a pattern
   log        Show commit logs
   show       Show various types of objects
   status     Show the working tree status

grow, mark and tweak your common history
   branch     List, create, or delete branches
   checkout   Switch branches or restore working tree files
   commit     Record changes to the repository
   diff       Show changes between commits, commit and working tree, etc
   merge      Join two or more development histories together
   rebase     Reapply commits on top of another base tip
   tag        Create, list, delete or verify a tag object signed with GPG

collaborate (see also: git help workflows)
   fetch      Download objects and refs from another repository
   pull       Fetch from and integrate with another repository or a local branch
   push       Update remote refs along with associated objects

'git help -a' and 'git help -g' list available subcommands and some
concept guides. See 'git help <command>' or 'git help <concept>'
to read about a specific subcommand or concept.
ACA8017A:~ WangYang$ cd Github
-bash: cd: Github: No such file or directory
ACA8017A:~ WangYang$ cd Documents
ACA8017A:Documents WangYang$ cd Github
ACA8017A:Github WangYang$ git clone https://github.com/wy050307/Data-Analysts-in-Shanghai
Cloning into 'Data-Analysts-in-Shanghai'...
remote: Enumerating objects: 3, done.
remote: Counting objects: 100% (3/3), done.
remote: Total 3 (delta 0), reused 0 (delta 0), pack-reused 0
Unpacking objects: 100% (3/3), done.
ACA8017A:Github WangYang$ git status
fatal: not a git repository (or any of the parent directories): .git
ACA8017A:Github WangYang$ cd Data-Analysts-in-Shanghai
ACA8017A:Data-Analysts-in-Shanghai WangYang$ git status
On branch master
Your branch is up to date with 'origin/master'.

nothing to commit, working tree clean
ACA8017A:Data-Analysts-in-Shanghai WangYang$ checkout References
-bash: checkout: command not found
ACA8017A:Data-Analysts-in-Shanghai WangYang$ git status
On branch master
Your branch is up to date with 'origin/master'.

nothing to commit, working tree clean
ACA8017A:Data-Analysts-in-Shanghai WangYang$ git branch
* master
ACA8017A:Data-Analysts-in-Shanghai WangYang$ git checkout
Your branch is up to date with 'origin/master'.
ACA8017A:Data-Analysts-in-Shanghai WangYang$ git checkout -b References
Switched to a new branch 'References'
ACA8017A:Data-Analysts-in-Shanghai WangYang$ git add .
ACA8017A:Data-Analysts-in-Shanghai WangYang$ git add .
ACA8017A:Data-Analysts-in-Shanghai WangYang$ git commit -m "Ref:python 123, Douban movies saved data in csv"
[References 805d3aa] Ref:python 123, Douban movies saved data in csv
 Committer: 王杨 <WangYang@ACA8017A.ipt.aol.com>
Your name and email address were configured automatically based
on your username and hostname. Please check that they are accurate.
You can suppress this message by setting them explicitly. Run the
following command and follow the instructions in your editor to edit
your configuration file:

    git config --global --edit

After doing this, you may fix the identity used for this commit with:

    git commit --amend --reset-author

 2 files changed, 35 insertions(+)
 create mode 100644 Trial 1 - Douban.csv
 create mode 100644 Trial 1 - Douban.py
ACA8017A:Data-Analysts-in-Shanghai WangYang$ git push -u origin master
Branch 'master' set up to track remote branch 'master' from 'origin'.
Everything up-to-date
ACA8017A:Data-Analysts-in-Shanghai WangYang$ git push
fatal: The current branch References has no upstream branch.
To push the current branch and set the remote as upstream, use

    git push --set-upstream origin References

ACA8017A:Data-Analysts-in-Shanghai WangYang$ git push --set-upstream mast References
fatal: 'mast' does not appear to be a git repository
fatal: Could not read from remote repository.

Please make sure you have the correct access rights
and the repository exists.
ACA8017A:Data-Analysts-in-Shanghai WangYang$ git push --set-upstream master References
fatal: 'master' does not appear to be a git repository
fatal: Could not read from remote repository.

Please make sure you have the correct access rights
and the repository exists.
ACA8017A:Data-Analysts-in-Shanghai WangYang$ git push --set-upstream origin References
Counting objects: 4, done.
Delta compression using up to 4 threads.
Compressing objects: 100% (4/4), done.
Writing objects: 100% (4/4), 1.03 KiB | 1.03 MiB/s, done.
Total 4 (delta 0), reused 0 (delta 0)
To https://github.com/wy050307/Data-Analysts-in-Shanghai
   e866db1..805d3aa  References -> References
Branch 'References' set up to track remote branch 'References' from 'origin'.
ACA8017A:Data-Analysts-in-Shanghai WangYang$ git add Trial 2 - Stock Price.py
fatal: pathspec 'Trial' did not match any files
ACA8017A:Data-Analysts-in-Shanghai WangYang$ git add 'Trial 2 - Stock Price.py'
ACA8017A:Data-Analysts-in-Shanghai WangYang$ git commit -m "RefRef:python 123, Another trial with for loop to extract stock price from sina.com"
[References 039b20f] RefRef:python 123, Another trial with for loop to extract stock price from sina.com
 Committer: 王杨 <WangYang@ACA8017A.ipt.aol.com>
Your name and email address were configured automatically based
on your username and hostname. Please check that they are accurate.
You can suppress this message by setting them explicitly. Run the
following command and follow the instructions in your editor to edit
your configuration file:

    git config --global --edit

After doing this, you may fix the identity used for this commit with:

    git commit --amend --reset-author

 1 file changed, 13 insertions(+)
 create mode 100644 Trial 2 - Stock Price.py
ACA8017A:Data-Analysts-in-Shanghai WangYang$ checkout -b Struggles
-bash: checkout: command not found
ACA8017A:Data-Analysts-in-Shanghai WangYang$ git checkout -b Struggles
Switched to a new branch 'Struggles'
ACA8017A:Data-Analysts-in-Shanghai WangYang$ git add 'Trial 2 - Stock Price.txt'
fatal: pathspec 'Trial 2 - Stock Price.txt' did not match any files
ACA8017A:Data-Analysts-in-Shanghai WangYang$ git add 'Trial 2 - Stock Price'
fatal: pathspec 'Trial 2 - Stock Price' did not match any files
ACA8017A:Data-Analysts-in-Shanghai WangYang$ git add 'Trial 2 - Stock Price.txt'
ACA8017A:Data-Analysts-in-Shanghai WangYang$ git commit -m "Struggles in 'Trial 2 - Stock Price'"
[Struggles c715365] Struggles in 'Trial 2 - Stock Price'
 Committer: 王杨 <WangYang@ACA8017A.ipt.aol.com>
Your name and email address were configured automatically based
on your username and hostname. Please check that they are accurate.
You can suppress this message by setting them explicitly. Run the
following command and follow the instructions in your editor to edit
your configuration file:

    git config --global --edit

After doing this, you may fix the identity used for this commit with:

    git commit --amend --reset-author

 1 file changed, 17 insertions(+)
 create mode 100644 Trial 2 - Stock Price.txt
ACA8017A:Data-Analysts-in-Shanghai WangYang$ git checkout
ACA8017A:Data-Analysts-in-Shanghai WangYang$ git branch
  References
* Struggles
  master
ACA8017A:Data-Analysts-in-Shanghai WangYang$ git checkout master
Switched to branch 'master'
Your branch is up to date with 'origin/master'.
ACA8017A:Data-Analysts-in-Shanghai WangYang$ git push -u origin master
Branch 'master' set up to track remote branch 'master' from 'origin'.
Everything up-to-date
ACA8017A:Data-Analysts-in-Shanghai WangYang$ git push
Everything up-to-date
ACA8017A:Data-Analysts-in-Shanghai WangYang$ git checkout References
Switched to branch 'References'
Your branch is ahead of 'origin/References' by 1 commit.
  (use "git push" to publish your local commits)
ACA8017A:Data-Analysts-in-Shanghai WangYang$ git push
Counting objects: 3, done.
Delta compression using up to 4 threads.
Compressing objects: 100% (3/3), done.
Writing objects: 100% (3/3), 616 bytes | 616.00 KiB/s, done.
Total 3 (delta 1), reused 0 (delta 0)
remote: Resolving deltas: 100% (1/1), completed with 1 local object.
To https://github.com/wy050307/Data-Analysts-in-Shanghai
   805d3aa..039b20f  References -> References
ACA8017A:Data-Analysts-in-Shanghai WangYang$ git checkout Struggles
Switched to branch 'Struggles'
ACA8017A:Data-Analysts-in-Shanghai WangYang$ git push --set-upstream origin Struggles
Counting objects: 3, done.
Delta compression using up to 4 threads.
Compressing objects: 100% (3/3), done.
Writing objects: 100% (3/3), 716 bytes | 716.00 KiB/s, done.
Total 3 (delta 1), reused 0 (delta 0)
remote: Resolving deltas: 100% (1/1), completed with 1 local object.
To https://github.com/wy050307/Data-Analysts-in-Shanghai
   e866db1..c715365  Struggles -> Struggles
Branch 'Struggles' set up to track remote branch 'Struggles' from 'origin'.
ACA8017A:Data-Analysts-in-Shanghai WangYang$ merge
-bash: merge: command not found
ACA8017A:Data-Analysts-in-Shanghai WangYang$ git merge
Already up to date.
ACA8017A:Data-Analysts-in-Shanghai WangYang$ git checkout master
Switched to branch 'master'
Your branch is up to date with 'origin/master'.
ACA8017A:Data-Analysts-in-Shanghai WangYang$ git merge References
Updating e866db1..039b20f
Fast-forward
 Trial 1 - Douban.csv     |  4 ++++
 Trial 1 - Douban.py      | 31 +++++++++++++++++++++++++++++++
 Trial 2 - Stock Price.py | 13 +++++++++++++
 3 files changed, 48 insertions(+)
 create mode 100644 Trial 1 - Douban.csv
 create mode 100644 Trial 1 - Douban.py
 create mode 100644 Trial 2 - Stock Price.py
ACA8017A:Data-Analysts-in-Shanghai WangYang$ git merge Struggles
Updating 039b20f..c715365
Fast-forward
 Trial 2 - Stock Price.txt | 17 +++++++++++++++++
 1 file changed, 17 insertions(+)
 create mode 100644 Trial 2 - Stock Price.txt
ACA8017A:Data-Analysts-in-Shanghai WangYang$ git branch -d References
Deleted branch References (was 039b20f).
ACA8017A:Data-Analysts-in-Shanghai WangYang$ git branch -d Struggles
Deleted branch Struggles (was c715365).
ACA8017A:Data-Analysts-in-Shanghai WangYang$ git checkout
Your branch is ahead of 'origin/master' by 3 commits.
  (use "git push" to publish your local commits)
ACA8017A:Data-Analysts-in-Shanghai WangYang$ git branch
* master
ACA8017A:Data-Analysts-in-Shanghai WangYang$ git push
Total 0 (delta 0), reused 0 (delta 0)
To https://github.com/wy050307/Data-Analysts-in-Shanghai
   e866db1..c715365  master -> master
ACA8017A:Data-Analysts-in-Shanghai WangYang$ GIT push master
fatal: 'master' does not appear to be a git repository
fatal: Could not read from remote repository.

Please make sure you have the correct access rights
and the repository exists.
ACA8017A:Data-Analysts-in-Shanghai WangYang$ git branch
* master
ACA8017A:Data-Analysts-in-Shanghai WangYang$ git checkout
D	Trial 1 - Douban.csv
D	Trial 1 - Douban.py
D	Trial 2 - Stock Price.py
D	Trial 2 - Stock Price.txt
Your branch is up to date with 'origin/master'.
ACA8017A:Data-Analysts-in-Shanghai WangYang$ git push
Everything up-to-date
ACA8017A:Data-Analysts-in-Shanghai WangYang$ git push --set-upstream origin Master
fatal: Master cannot be resolved to branch.
ACA8017A:Data-Analysts-in-Shanghai WangYang$ git add .
ACA8017A:Data-Analysts-in-Shanghai WangYang$ 
ACA8017A:Data-Analysts-in-Shanghai WangYang$ git commit - m test
error: pathspec '-' did not match any file(s) known to git.
error: pathspec 'm' did not match any file(s) known to git.
error: pathspec 'test' did not match any file(s) known to git.
ACA8017A:Data-Analysts-in-Shanghai WangYang$ git commit -m test
[master 049e1ad] test
 Committer: 王杨 <WangYang@ACA8017A.ipt.aol.com>
Your name and email address were configured automatically based
on your username and hostname. Please check that they are accurate.
You can suppress this message by setting them explicitly. Run the
following command and follow the instructions in your editor to edit
your configuration file:

    git config --global --edit

After doing this, you may fix the identity used for this commit with:

    git commit --amend --reset-author

 5 files changed, 0 insertions(+), 0 deletions(-)
 create mode 100644 .DS_Store
 rename Trial 1 - Douban.csv => References/Trial 1 - Douban.csv (100%)
 rename Trial 1 - Douban.py => References/Trial 1 - Douban.py (100%)
 rename Trial 2 - Stock Price.py => References/Trial 2 - Stock Price.py (100%)
 rename Trial 2 - Stock Price.txt => Struggles & TODOs/Trial 2 - Stock Price.txt (100%)
ACA8017A:Data-Analysts-in-Shanghai WangYang$ git push
Counting objects: 5, done.
Delta compression using up to 4 threads.
Compressing objects: 100% (5/5), done.
Writing objects: 100% (5/5), 859 bytes | 859.00 KiB/s, done.
Total 5 (delta 0), reused 0 (delta 0)
To https://github.com/wy050307/Data-Analysts-in-Shanghai
   c715365..049e1ad  master -> master
ACA8017A:Data-Analysts-in-Shanghai WangYang$ cd References
ACA8017A:References WangYang$ git add Trial\ 
Trial 1 - Douban.csv      Trial 1 - Douban.py       Trial 2 - Stock Price.py
ACA8017A:References WangYang$ git add Trial\ 
Trial 1 - Douban.csv      Trial 1 - Douban.py       Trial 2 - Stock Price.py
ACA8017A:References WangYang$ git add Trial 1 - Douban.csv
fatal: pathspec 'Trial' did not match any files
ACA8017A:References WangYang$ git add 'Trial 1 - Douban.csv'
ACA8017A:References WangYang$ git commit -m "Ref: python123, Movies extracted from Douban saved in csv"
On branch master
Your branch is up to date with 'origin/master'.

nothing to commit, working tree clean
ACA8017A:References WangYang$ git add 'Trial 1 - Douban.py'
ACA8017A:References WangYang$ git commit -m "Ref: python123, Movies extracted from Douban saved in csv"
On branch master
Your branch is up to date with 'origin/master'.

nothing to commit, working tree clean
ACA8017A:References WangYang$ git push
Everything up-to-date
ACA8017A:References WangYang$ cd
ACA8017A:~ WangYang$ cd Main
-bash: cd: Main: No such file or directory
ACA8017A:~ WangYang$ cd Documents
ACA8017A:Documents WangYang$ cd Github
ACA8017A:Github WangYang$ cd Data-Analysts-in-Shanghai
ACA8017A:Data-Analysts-in-Shanghai WangYang$ cd Main
ACA8017A:Main WangYang$ git add .
ACA8017A:Main WangYang$ git commit -m "salaries pie chart extracted from Zhi Lian Zhao Ping"
[master bbbbea9] salaries pie chart extracted from Zhi Lian Zhao Ping
 Committer: 王杨 <WangYang@ACA8017A.ipt.aol.com>
Your name and email address were configured automatically based
on your username and hostname. Please check that they are accurate.
You can suppress this message by setting them explicitly. Run the
following command and follow the instructions in your editor to edit
your configuration file:

    git config --global --edit

After doing this, you may fix the identity used for this commit with:

    git commit --amend --reset-author

 1 file changed, 62 insertions(+)
 create mode 100644 Main/Trial 3 - Salaries - ZhiLianZP.py
ACA8017A:Main WangYang$ git push 
Counting objects: 4, done.
Delta compression using up to 4 threads.
Compressing objects: 100% (4/4), done.
Writing objects: 100% (4/4), 1.45 KiB | 1.45 MiB/s, done.
Total 4 (delta 1), reused 0 (delta 0)
remote: Resolving deltas: 100% (1/1), completed with 1 local object.
To https://github.com/wy050307/Data-Analysts-in-Shanghai
   049e1ad..bbbbea9  master -> master
ACA8017A:Main WangYang$ 
